D:/Dropbox/Actual/Drivers/libs/logUART/logUART.h:30:7:void classLog::print(const char*)	24	static
D:/Dropbox/Actual/Drivers/libs/logUART/logUART.cpp:9:6:void classLog::setBold()	32	static
D:/Dropbox/Actual/Drivers/libs/logUART/logUART.cpp:15:6:void classLog::setItalic()	32	static
D:/Dropbox/Actual/Drivers/libs/logUART/logUART.cpp:21:6:void classLog::setUnderline()	32	static
D:/Dropbox/Actual/Drivers/libs/logUART/logUART.cpp:27:6:void classLog::setRevers()	32	static
D:/Dropbox/Actual/Drivers/libs/logUART/logUART.cpp:33:6:void classLog::setFlash()	32	static
D:/Dropbox/Actual/Drivers/libs/logUART/logUART.cpp:39:6:void classLog::color(int)	32	static
D:/Dropbox/Actual/Drivers/libs/logUART/logUART.cpp:45:6:void classLog::bgcolor(int)	32	static
D:/Dropbox/Actual/Drivers/libs/logUART/logUART.cpp:52:6:void classLog::colorString(int, const char*)	24	static
D:/Dropbox/Actual/Drivers/libs/logUART/logUART.cpp:58:6:void classLog::colorString(int, int, const char*)	56	static
D:/Dropbox/Actual/Drivers/libs/logUART/logUART.cpp:66:6:void classLog::colorStringln(int, const char*)	24	static
D:/Dropbox/Actual/Drivers/libs/logUART/logUART.cpp:72:6:void classLog::colorStringln(int, int, const char*)	56	static
